# Register a user
$ curl -X POST http://0.0.0.0:5000/users -d "email=test@example.com" -d "password=pass" -v

# Log in the user to create a session
$ curl -X POST http://0.0.0.0:5000/sessions -d "email=test@example.com" -d "password=pass" -c cookies.txt

$ curl -X POST http://0.0.0.0:5000/sessions -d "email=test@example.com" -d "password=pass" -c cookies.txt -v
Note: Unnecessary use of -X or --request, POST is already inferred.
*   Trying 0.0.0.0:5000...
* TCP_NODELAY set
* Connected to 0.0.0.0 (127.0.0.1) port 5000 (#0)
> POST /sessions HTTP/1.1
> Host: 0.0.0.0:5000
> User-Agent: curl/7.68.0
> Accept: */*
> Content-Length: 36
> Content-Type: application/x-www-form-urlencoded
> 
* upload completely sent off: 36 out of 36 bytes
* Mark bundle as not supporting multiuse
* HTTP 1.0, assume close after body
< HTTP/1.0 200 OK
< Content-Type: application/json
< Content-Length: 51
* Added cookie session_id="35a95bb7-dba7-49b2-9dc7-04f9db3b961a" for domain 0.0.0.0, path /, expire 0
< Set-Cookie: session_id=35a95bb7-dba7-49b2-9dc7-04f9db3b961a; Path=/
< Server: Werkzeug/2.0.3 Python/3.8.10
< Date: Thu, 30 May 2024 19:17:37 GMT
< 
{"email":"test@example.com","message":"logged in"}
* Closing connection 0


# Log out the user 
$ curl -X DELETE http://0.0.0.0:5000/sessions -b cookies.txt -v

$ curl -X DELETE http://0.0.0.0:5000/sessions -b cookies.txt -v
*   Trying 0.0.0.0:5000...
* TCP_NODELAY set
* Connected to 0.0.0.0 (127.0.0.1) port 5000 (#0)
> DELETE /sessions HTTP/1.1
> Host: 0.0.0.0:5000
> User-Agent: curl/7.68.0
> Accept: */*
> Cookie: session_id=35a95bb7-dba7-49b2-9dc7-04f9db3b961a
> 
* Mark bundle as not supporting multiuse
* HTTP 1.0, assume close after body
< HTTP/1.0 302 FOUND
< Content-Type: text/html; charset=utf-8
< Content-Length: 208
< Location: http://0.0.0.0:5000/
< Server: Werkzeug/2.0.3 Python/3.8.10
< Date: Thu, 30 May 2024 19:18:04 GMT
< 
<!DOCTYPE HTML PUBLIC "-//W3C//DTD HTML 3.2 Final//EN">
<title>Redirecting...</title>
<h1>Redirecting...</h1>
* Closing connection 0
<p>You should be redirected automatically to target URL: <a href="/">/</a>. If not click the link.

# Manually follow the redirect to verify the session destruction
# This way, you handle the redirection manually and avoid sending a DELETE request to the root endpoint,
# which results in the 405 Method Not Allowed error.
$ curl http://0.0.0.0:5000/ -v

$ curl http://0.0.0.0:5000/ -v
*   Trying 0.0.0.0:5000...
* TCP_NODELAY set
* Connected to 0.0.0.0 (127.0.0.1) port 5000 (#0)
> GET / HTTP/1.1
> Host: 0.0.0.0:5000
> User-Agent: curl/7.68.0
> Accept: */*
> 
* Mark bundle as not supporting multiuse
* HTTP 1.0, assume close after body
< HTTP/1.0 200 OK
< Content-Type: application/json
< Content-Length: 24
< Server: Werkzeug/2.0.3 Python/3.8.10
< Date: Thu, 30 May 2024 19:18:46 GMT
< 
{"message":"Bienvenue"}
* Closing connection 0
